// Jest Snapshot v1, https://jestjs.io/docs/snapshot-testing

exports[`useStaff Diagnostic should load data after refreshStaff 1`] = `
{
  "afterContractorsLength": 2,
  "afterEmployeesLength": 3,
  "afterStaffLength": 5,
  "beforeKeys": [
    "staff",
    "employees",
    "contractors",
    "isLoading",
    "error",
    "totalActive",
    "totalEmployees",
    "totalContractors",
    "totalTeams",
    "averageEmployeeRate",
    "refreshStaff",
    "refreshData",
    "inviteEmployee",
    "searchContractor",
    "addContractor",
    "filterStaff",
  ],
  "beforeStaffLength": 0,
  "hasRefreshData": "function",
  "hasRefreshStaff": "function",
}
`;
