// Jest Snapshot v1, https://jestjs.io/docs/snapshot-testing

exports[`useStaff Debug should show what is returned 1`] = `
{
  "keys": [
    "staff",
    "employees",
    "contractors",
    "inviteEmployee",
    "searchContractor",
    "addContractor",
    "updateEmployee",
    "updateContractor",
    "deleteEmployee",
    "deleteContractor",
    "refreshStaff",
    "isLoading",
    "error",
    "totalActive",
    "totalEmployees",
    "totalContractors",
    "totalTeams",
    "averageEmployeeRate",
  ],
  "types": {
    "filterStaff": "undefined",
    "inviteEmployee": "function",
    "refreshData": "undefined",
    "refreshStaff": "function",
  },
}
`;
