
=== ETAPE 03 : Ouverture du Wizard (FAB) ===
-> FAB trouve a (948, 1896)
